---
source: crates/tachy/src/components/palette.rs
expression: t.backend()
---
"                                                                                                              "
"                                                                                                              "
"                                                                                                              "
"       ┌──────────────────────────────────────────────────────────────────────────────────────────────┐       "
"       │ › sort nope                                                                                  │       "
"       │                                                                                              │       "
"       │                                                                                              │       "
"       │                                                                                              │       "
"       │                                                                                              │       "
"       │                                                                                              │       "
"       │                                                                                              │       "
"       │                                                                                              │       "
"       │                                                                                              │       "
"       │                                                                                              │       "
"       │                                                                                              │       "
"       │                                                                                              │       "
"       │                                                                                              │       "
"       │                                                                                              │       "
"       │                                                                                              │       "
"       │                                                                                              │       "
"       │                                                                                              │       "
"       │ unknown column "nope" — did you mean "name"?                                                 │       "
"       └──────────────────────────────────────────────────────────────────────────────────────────────┘       "
"                                                                                                              "
