---
source: crates/tachy/src/components/palette.rs
expression: "render(&mut p, &state).backend()"
---
"                                                                                                              "
"                                                                                                              "
"                                                                                                              "
"       ┌──────────────────────────────────────────────────────────────────────────────────────────────┐       "
"       │ ›                                                                                            │       "
"       │ dedupe          remove duplicate rows, keeping the first of each                             │       "
"       │ delete view     delete a saved view                                                          │       "
"       │ dupes           show rows whose columns have duplicate values                                │       "
"       │ edit            edit a column's values: drop, chop, trim, upper, s/re/rep/, …                │       "
"       │ filter          filter the view                                                            f │       "
"       │ freeze          freeze the first N columns                                                   │       "
"       │ goto            go to a row, a percentage or a column                                      g │       "
"       │ open            open a file in a new tab                                              ctrl-o │       "
"       │ profile         full-column statistics                                                       │       "
"       │ set hints       show or hide the key-hint line                                               │       "
"       │ set inspector   show or hide the inspector                                                   │       "
"       │ set type        override a column's type                                                     │       "
"       │ sort            sort the view by one or more columns                                         │       "
"       │ autofit_col     auto-fit the current column                                                = │       "
"       │ close_tab       close the current tab                                                 ctrl-w │       "
"       │ columns         show, hide and reorder columns                                             c │       "
"       │ usage: dedupe [<col>, …]                                                                     │       "
"       └──────────────────────────────────────────────────────────────────────────────────────────────┘       "
"                                                                                                              "
