---
source: crates/tachy/src/components/palette.rs
expression: "render(&mut p, &state).backend()"
---
"                                                                                                              "
"                                                                                                              "
"                                                                                                              "
"       ┌──────────────────────────────────────────────────────────────────────────────────────────────┐       "
"       │ › sort price:desc,                                                                           │       "
"       │ name   str                                                                                   │       "
"       │ price  str                                                                                   │       "
"       │ qty    str                                                                                   │       "
"       │ city   str                                                                                   │       "
"       │                                                                                              │       "
"       │                                                                                              │       "
"       │                                                                                              │       "
"       │                                                                                              │       "
"       │                                                                                              │       "
"       │                                                                                              │       "
"       │                                                                                              │       "
"       │                                                                                              │       "
"       │                                                                                              │       "
"       │                                                                                              │       "
"       │                                                                                              │       "
"       │                                                                                              │       "
"       │ expected a column                                                                            │       "
"       └──────────────────────────────────────────────────────────────────────────────────────────────┘       "
"                                                                                                              "
