---
source: crates/tachy/src/app/tests.rs
expression: terminal.backend()
---
" tachy                                                                                                           NORMAL "
"                                                                               │                                        "
"                                                                               │                                        "
"                                                                               │                                        "
"                                                                               │                                        "
"                                                                               │                                        "
"                                                                               │                                        "
"                                                                               │                                        "
"                                                                               │                                        "
"                                                                               │                                        "
"                                                                               │                                        "
"                                                                               │                                        "
"                                                                               │                                        "
"                                                                               │                                        "
"                                                                               │                                        "
"                                                                               │                                        "
"                                                                               │                                        "
"                                                                               │                                        "
"                                                                               │                                        "
"                                                                               │                                        "
"                     no file open — ctrl-o to open a file                      │                                        "
"                                                                               │                                        "
"                                                                               │                                        "
"                                                                               │                                        "
"                                                                               │                                        "
"                                                                               │                                        "
"                                                                               │                                        "
"                                                                               │                                        "
"                                                                               │                                        "
"                                                                               │                                        "
"                                                                               │                                        "
"                                                                               │                                        "
"                                                                               │                                        "
"                                                                               │                                        "
"                                                                               │                                        "
"                                                                               │                                        "
"                                                                               │                                        "
"                                                                               │                                        "
" no file open                                                                                                           "
" / search  f filter  s sort  i inspect  : command  J jobs  q quit                                                ? help "
