---
source: crates/tachy/src/app/tests.rs
expression: chrome(&terminal)
---
 tachy  1 t.csv                                                                                 view: all rows   NORMAL 
 t.csv · 844 B · 30 rows · delim ,  quote none  utf-8  header · mmap · index ready                  R 1 / 30  C 1/5  0% 
 / search  f filter  s sort  i inspect  : command  J jobs  q quit                                                ? help
